Initialising InsightFace...
Applied providers: ['DmlExecutionProvider', 'CPUExecutionProvider'], with options: {'DmlExecutionProvider': {}, 'CPUExecutionProvider': {}}
find model: C:\Users\GLAG/.insightface\models\buffalo_l\1k3d68.onnx landmark_3d_68 ['None', 3, 192, 192] 0.0 1.0
Applied providers: ['DmlExecutionProvider', 'CPUExecutionProvider'], with options: {'DmlExecutionProvider': {}, 'CPUExecutionProvider': {}}
find model: C:\Users\GLAG/.insightface\models\buffalo_l\2d106det.onnx landmark_2d_106 ['None', 3, 192, 192] 0.0 1.0
Applied providers: ['DmlExecutionProvider', 'CPUExecutionProvider'], with options: {'DmlExecutionProvider': {}, 'CPUExecutionProvider': {}}
find model: C:\Users\GLAG/.insightface\models\buffalo_l\det_10g.onnx detection [1, 3, '?', '?'] 127.5 128.0
Applied providers: ['DmlExecutionProvider', 'CPUExecutionProvider'], with options: {'DmlExecutionProvider': {}, 'CPUExecutionProvider': {}}
find model: C:\Users\GLAG/.insightface\models\buffalo_l\genderage.onnx genderage ['None', 3, 96, 96] 0.0 1.0
Applied providers: ['DmlExecutionProvider', 'CPUExecutionProvider'], with options: {'DmlExecutionProvider': {}, 'CPUExecutionProvider': {}}
find model: C:\Users\GLAG/.insightface\models\buffalo_l\w600k_r50.onnx recognition ['None', 3, 112, 112] 127.5 127.5
set det-size: (640, 640)
InsightFace initialized.
Testing with image: D:\POCOP - Copy\Camera\0015986144a3f4a2c485360bd4c60345.png
CV2 failed to read image.
PIL read error: cannot identify image file 'D:\\POCOP - Copy\\Camera\\0015986144a3f4a2c485360bd4c60345.png'
